palette.h
palette.c
GLOBE1.h
GLOBE1.c
GLOBE2.h
GLOBE2.c
GLOBE3.h
GLOBE3.c
GLOBE4.h
GLOBE4.c
GLOBE5.h
GLOBE5.c
GLOBE6.h
GLOBE6.c
GLOBE7.h
GLOBE7.c
GLOBE8.h
GLOBE8.c
GLOBE9.h
GLOBE9.c
GLOBE10.h
GLOBE10.c
GLOBE11.h
GLOBE11.c
ICON_BALL_1.h
ICON_BALL_1.c
ICON_BALL_2.h
ICON_BALL_2.c
ICON_BALL_3.h
ICON_BALL_3.c
ICON_BALL_4.h
ICON_BALL_4.c
ICON_BLOCKGUY_1.h
ICON_BLOCKGUY_1.c
ICON_BLOCKGUY_2.h
ICON_BLOCKGUY_2.c
ICON_BLOCKGUY_3.h
ICON_BLOCKGUY_3.c
ICON_BLOCKGUY_4.h
ICON_BLOCKGUY_4.c
ICON_BLOCK_1.h
ICON_BLOCK_1.c
ICON_BLOCK_2.h
ICON_BLOCK_2.c
ICON_BLOCK_3.h
ICON_BLOCK_3.c
ICON_BLOCK_4.h
ICON_BLOCK_4.c
ICON_BOUNCE_1.h
ICON_BOUNCE_1.c
ICON_BOUNCE_2.h
ICON_BOUNCE_2.c
ICON_BOUNCE_3.h
ICON_BOUNCE_3.c
ICON_BOUNCE_4.h
ICON_BOUNCE_4.c
ICON_CALCZAP_1.h
ICON_CALCZAP_1.c
ICON_CALCZAP_2.h
ICON_CALCZAP_2.c
ICON_CALCZAP_3.h
ICON_CALCZAP_3.c
ICON_CALCZAP_4.h
ICON_CALCZAP_4.c
ICON_DKONG_1.h
ICON_DKONG_1.c
ICON_DKONG_2.h
ICON_DKONG_2.c
ICON_DKONG_3.h
ICON_DKONG_3.c
ICON_DKONG_4.h
ICON_DKONG_4.c
ICON_FLAPPYBIRD_1.h
ICON_FLAPPYBIRD_1.c
ICON_FLAPPYBIRD_2.h
ICON_FLAPPYBIRD_2.c
ICON_FLAPPYBIRD_3.h
ICON_FLAPPYBIRD_3.c
ICON_FLAPPYBIRD_4.h
ICON_FLAPPYBIRD_4.c
ICON_MARIO_1.h
ICON_MARIO_1.c
ICON_MARIO_2.h
ICON_MARIO_2.c
ICON_MARIO_3.h
ICON_MARIO_3.c
ICON_MARIO_4.h
ICON_MARIO_4.c
ICON_PORTAL_1.h
ICON_PORTAL_1.c
ICON_PORTAL_2.h
ICON_PORTAL_2.c
ICON_PORTAL_3.h
ICON_PORTAL_3.c
ICON_PORTAL_4.h
ICON_PORTAL_4.c
CEMETECH_LOGO.h
CEMETECH_LOGO.c
gfx.h
